monitoring since 10:07:39 UTC
{"created_on":"2026-09-29T11:16:31.670174Z","versions":[{"version_id":"0fe475af-e265-4f59-a599-655c86373d70","percentage":100}]}
["true"]
["*/15 * * * *","20,50 * * * *"]
shopify reference: {"orders":24,"qae":7,"stress":[6,6]}
d1 reference: identical to post-registration True, stress OPEN pool ['QAI1001/AVAILABLE', 'QAI1002/AVAILABLE', 'QAI1003/AVAILABLE', 'QAI1004/AVAILABLE', 'QAI1005/AVAILABLE', 'QAI1006/AVAILABLE'], integrity {'dup_events': 0, 'audit_gaps': 0, 'ledger_drift': 0, 'orphans': 0, 'events_total': 41, 'allocations_total': 15, 'entry_order_mismatch': 0, 'dup_issue': 0, 'multi_held': 0, 'dup_release': 0, 'dup_return': 0, 'freeze_audit': 0, 'bad_events': 0}
slot: 10:31:00 UTC (11:31:00 BST); preceding deep sweep captured after monitor start
planned fire: 10:44:50 UTC, 10s before the live */15 sweep at 10:45:00 UTC
{"result": "PASS", "sweeps": [{"cron": "*/15 * * * *", "run_id": "d6754157-2ac5-4157-9581-399a54f360de", "mode": "trailing", "orders_seen": 0, "in_scope": 0, "mismatched": 0, "errors": 0, "bad": {}}, {"cron": "20,50 * * * *", "run_id": "18b39384-68f8-4a53-ac08-9b4f53a02fe0", "mode": "deep", "orders_seen": 24, "in_scope": 15, "mismatched": 0, "errors": 0, "bad": {}}]}

{"window": ["10:19:19", "10:31:01"], "probes": 166, "covered": 166, "missing": [], "by_tail": {"pre.jsonl": 166, "pre2.jsonl": 166}, "max_gap_ms": 5000, "edge_gap_ms": [4080, 1006], "result": "CONTINUOUS"}

{"result":"INTACT","mode":"workers-logs-recovery","coverage":{"probes":162,"covered":162,"max_gap_ms":5000,"result":"CONTINUOUS"},"gaps":[]}
shopify(prelive): orders identical YES, products identical YES, orders 24, stock QAI 6
d1(prelive): identical to reference
=== [1] deploy --env qa --var DRY_RUN:false (10:31:04) ===
    exit=0
      - DRY_RUN: "(hidden)"
    new version: ad67fcf2-9ea3-413f-8e29-784ee7d116b0
=== [2] fresh confirmation tail; must capture a request (10:31:09) ===
    conf pid=25914  pre alive=yes
    confirmation tail captured warm-5085 (served by ad67fcf2) at 10:31:11
=== [3] STRICT gate: 5 x dry_run=false over >=20s, tail-confirmed on ad67fcf2, zero other-version requests seen by any tail (budget 180s from deploy) ===
    gate-1-10560 10:31:12: dry_run=false served_by=ad67fcf2 streak=1 (tail-confirmed ad67fcf2)
    gate-2-29868 10:31:17: dry_run=false served_by=ad67fcf2 streak=2 (tail-confirmed ad67fcf2)
    gate-3-25461 10:31:21: dry_run=false served_by=ad67fcf2 streak=3 (tail-confirmed ad67fcf2)
    gate-4-21008 10:31:25: dry_run=false served_by=ad67fcf2 streak=4 (tail-confirmed ad67fcf2)
    gate-5-13820 10:31:30: dry_run=false served_by=ad67fcf2 streak=5 (tail-confirmed ad67fcf2)
    gate-6-7104 10:31:34: dry_run=false served_by=ad67fcf2 streak=6 (tail-confirmed ad67fcf2)
    5 consecutive over 21s; 8s tail flush, then all-request re-check...
    CLEAN: no request on any other version seen by either tail since 10:31:09
    GATE PASSED (10:31:42, 33s after deploy). Worker LIVE; tails + watchdog + heartbeat stay on. Waiting for the next automatic sweep.
--- gate.txt: PASSED
10:31:42 guard start TG=1790764302321 NEW=ad67fcf2 restarts=0/0/0 (stress, 4 orders)
guard running pid 26355
{"created_on":"2026-09-30T10:31:07.72422Z","versions":[{"version_id":"ad67fcf2-9ea3-413f-8e29-784ee7d116b0","percentage":100}]}
["false"]
["*/15 * * * *","20,50 * * * *"]
Shopify + D1 unchanged, 0 webhooks at 10:31:50
STRESS test armed at 10:31:50 UTC — READY FOR GO. planned fire: 10:44:50 UTC, 10s before the live */15 sweep at 10:45:00 UTC. First order must be seen within 1200s.
